  CompendiumEntry(
    _item: EqCompare(
      wrappedValue: Monster(
        realm: CompendiumItemKey.Realm(
-         value: Tagged(rawValue: "realm")
+         value: Tagged(rawValue: "newrealm")
        ),
        stats: StatBlock(…),
        challengeRating: Fraction(…)
      ),
      compare: (Function)
    ),
    itemType: .monster,
    origin: .created(
      CompendiumItemReference(
        itemTitle: "OG",
        _itemKey: Migrated(
          wrappedValue: CompendiumItemKey(
            type: .monster,
            realm: CompendiumItemKey.Realm(
-             value: Tagged(rawValue: "realm")
+             value: Tagged(rawValue: "newrealm")
            ),
            identifier: "OG"
          )
        )
      )
    ),
    document: CompendiumEntry.CompendiumSourceDocumentReference(…)
  )