  CompendiumEntry(
    _item: EqCompare(…),
    itemType: .monster,
    origin: .created(…),
    document: CompendiumEntry.CompendiumSourceDocumentReference(
-     id: Tagged(rawValue: "doc")
+     id: Tagged(rawValue: "newdoc")
      displayName: "Doc"
    )
  )